Mean Unclassified Reads: 1060.75
Standard Deviation: 190.8117029384227
